Task 12 Iteration 9 targeted browser network log
token=2b8a38ad70c4cfc9464010c38743939d
candidateSessionId=79

0. [GET] http://localhost:3000/api/dev/qa-login?role=candidate&email=winoecandidate@gmail.com&returnTo=%2Fcandidate%2Fsession%2F2b8a38ad70c4cfc9464010c38743939d => [307] Temporary Redirect
1. [GET] http://localhost:3000/api/backend/candidate/session/2b8a38ad70c4cfc9464010c38743939d => [200] OK upstream=200
2. [POST] http://localhost:3000/api/backend/candidate/session/2b8a38ad70c4cfc9464010c38743939d/schedule => [200] OK upstream=200
3. [GET] http://localhost:3000/api/backend/candidate/session/2b8a38ad70c4cfc9464010c38743939d => [200] OK upstream=200
4. [GET] http://localhost:3000/api/backend/candidate/session/2b8a38ad70c4cfc9464010c38743939d => [200] OK upstream=200
5. [GET] http://localhost:3000/api/backend/candidate/session/79/current_task => [200] OK upstream=200
6. [GET] http://localhost:3000/api/backend/tasks/281/draft => [200] OK upstream=404

Captured response bodies:
[
  {
    "phase": "setup",
    "kind": "response",
    "method": "GET",
    "url": "http://localhost:3000/api/backend/candidate/session/2b8a38ad70c4cfc9464010c38743939d",
    "status": 200,
    "statusText": "OK",
    "upstream": "200",
    "body": {
      "candidateSessionId": 79,
      "status": "in_progress",
      "claimedAt": "2026-05-27T21:07:29.102145Z",
      "startedAt": "2026-05-27T21:07:29.102145Z",
      "completedAt": null,
      "candidateName": "Nina Alvarez",
      "preferredDisplayName": null,
      "trial": {
        "id": 57,
        "title": "Staff Engineer Trial",
        "role": "Staff Engineer",
        "company": "Acme"
      },
      "aiNoticeText": "Winoe demo notice for the YC rehearsal dataset.",
      "aiNoticeVersion": "yc-demo-v1",
      "evalEnabledByDay": {
        "1": true,
        "2": true,
        "3": true,
        "4": true,
        "5": true
      },
      "startAt": null,
      "windowStartAt": null,
      "windowEndAt": null,
      "scheduledStartAt": null,
      "candidateTimezone": "America/New_York",
      "githubUsername": "ninaalvarez",
      "dayWindows": [],
      "scheduleLockedAt": null,
      "currentDayWindow": null
    }
  },
  {
    "phase": "setup",
    "kind": "response",
    "method": "POST",
    "url": "http://localhost:3000/api/backend/candidate/session/2b8a38ad70c4cfc9464010c38743939d/schedule",
    "status": 200,
    "statusText": "OK",
    "upstream": "200",
    "body": {
      "candidateSessionId": 79,
      "scheduledStartAt": "2026-05-28T13:00:00Z",
      "candidateTimezone": "America/New_York",
      "githubUsername": "ninaalvarez",
      "dayWindows": [
        {
          "dayIndex": 1,
          "windowStartAt": "2026-05-28T13:00:00Z",
          "windowEndAt": "2026-05-28T21:00:00Z"
        },
        {
          "dayIndex": 2,
          "windowStartAt": "2026-05-29T13:00:00Z",
          "windowEndAt": "2026-05-29T21:00:00Z"
        },
        {
          "dayIndex": 3,
          "windowStartAt": "2026-05-30T13:00:00Z",
          "windowEndAt": "2026-05-30T21:00:00Z"
        },
        {
          "dayIndex": 4,
          "windowStartAt": "2026-05-31T13:00:00Z",
          "windowEndAt": "2026-05-31T21:00:00Z"
        },
        {
          "dayIndex": 5,
          "windowStartAt": "2026-06-01T13:00:00Z",
          "windowEndAt": "2026-06-02T01:00:00Z"
        }
      ],
      "scheduleLockedAt": "2026-05-27T21:07:29.675533Z"
    }
  },
  {
    "phase": "pre-day",
    "kind": "response",
    "method": "GET",
    "url": "http://localhost:3000/api/backend/candidate/session/2b8a38ad70c4cfc9464010c38743939d",
    "status": 200,
    "statusText": "OK",
    "upstream": "200",
    "body": {
      "candidateSessionId": 79,
      "status": "in_progress",
      "claimedAt": "2026-05-27T21:07:29.102145Z",
      "startedAt": "2026-05-27T21:07:29.102145Z",
      "completedAt": null,
      "candidateName": "Nina Alvarez",
      "preferredDisplayName": null,
      "trial": {
        "id": 57,
        "title": "Staff Engineer Trial",
        "role": "Staff Engineer",
        "company": "Acme"
      },
      "aiNoticeText": "Winoe demo notice for the YC rehearsal dataset.",
      "aiNoticeVersion": "yc-demo-v1",
      "evalEnabledByDay": {
        "1": true,
        "2": true,
        "3": true,
        "4": true,
        "5": true
      },
      "startAt": "2026-05-28T13:00:00Z",
      "windowStartAt": "2026-05-28T13:00:00Z",
      "windowEndAt": "2026-05-28T21:00:00Z",
      "scheduledStartAt": "2026-05-28T13:00:00Z",
      "candidateTimezone": "America/New_York",
      "githubUsername": "ninaalvarez",
      "dayWindows": [
        {
          "dayIndex": 1,
          "windowStartAt": "2026-05-28T13:00:00Z",
          "windowEndAt": "2026-05-28T21:00:00Z"
        },
        {
          "dayIndex": 2,
          "windowStartAt": "2026-05-29T13:00:00Z",
          "windowEndAt": "2026-05-29T21:00:00Z"
        },
        {
          "dayIndex": 3,
          "windowStartAt": "2026-05-30T13:00:00Z",
          "windowEndAt": "2026-05-30T21:00:00Z"
        },
        {
          "dayIndex": 4,
          "windowStartAt": "2026-05-31T13:00:00Z",
          "windowEndAt": "2026-05-31T21:00:00Z"
        },
        {
          "dayIndex": 5,
          "windowStartAt": "2026-06-01T13:00:00Z",
          "windowEndAt": "2026-06-02T01:00:00Z"
        }
      ],
      "scheduleLockedAt": "2026-05-27T21:07:29.675533Z",
      "currentDayWindow": {
        "dayIndex": 1,
        "windowStartAt": "2026-05-28T13:00:00Z",
        "windowEndAt": "2026-05-28T21:00:00Z",
        "state": "upcoming"
      }
    }
  },
  {
    "phase": "day-1",
    "kind": "response",
    "method": "GET",
    "url": "http://localhost:3000/api/backend/candidate/session/2b8a38ad70c4cfc9464010c38743939d",
    "status": 200,
    "statusText": "OK",
    "upstream": "200",
    "body": {
      "candidateSessionId": 79,
      "status": "in_progress",
      "claimedAt": "2026-05-27T21:07:29.102145Z",
      "startedAt": "2026-05-27T21:07:29.102145Z",
      "completedAt": null,
      "candidateName": "Nina Alvarez",
      "preferredDisplayName": null,
      "trial": {
        "id": 57,
        "title": "Staff Engineer Trial",
        "role": "Staff Engineer",
        "company": "Acme"
      },
      "aiNoticeText": "Winoe demo notice for the YC rehearsal dataset.",
      "aiNoticeVersion": "yc-demo-v1",
      "evalEnabledByDay": {
        "1": true,
        "2": true,
        "3": true,
        "4": true,
        "5": true
      },
      "startAt": "2026-05-27T20:52:00Z",
      "windowStartAt": "2026-05-27T20:52:00Z",
      "windowEndAt": "2026-05-28T01:08:00Z",
      "scheduledStartAt": "2026-05-27T20:52:00Z",
      "candidateTimezone": "America/New_York",
      "githubUsername": "ninaalvarez",
      "dayWindows": [
        {
          "dayIndex": 1,
          "windowStartAt": "2026-05-27T20:52:00Z",
          "windowEndAt": "2026-05-28T01:08:00Z"
        },
        {
          "dayIndex": 2,
          "windowStartAt": "2026-05-28T20:52:00Z",
          "windowEndAt": "2026-05-29T01:08:00Z"
        },
        {
          "dayIndex": 3,
          "windowStartAt": "2026-05-29T20:52:00Z",
          "windowEndAt": "2026-05-30T01:08:00Z"
        },
        {
          "dayIndex": 4,
          "windowStartAt": "2026-05-30T20:52:00Z",
          "windowEndAt": "2026-05-31T01:08:00Z"
        },
        {
          "dayIndex": 5,
          "windowStartAt": "2026-05-31T20:52:00Z",
          "windowEndAt": "2026-06-01T01:08:00Z"
        }
      ],
      "scheduleLockedAt": "2026-05-27T21:07:29.675533Z",
      "currentDayWindow": {
        "dayIndex": 1,
        "windowStartAt": "2026-05-27T20:52:00Z",
        "windowEndAt": "2026-05-28T01:08:00Z",
        "state": "active"
      }
    }
  },
  {
    "phase": "day-1",
    "kind": "response",
    "method": "GET",
    "url": "http://localhost:3000/api/backend/candidate/session/79/current_task",
    "status": 200,
    "statusText": "OK",
    "upstream": "200",
    "body": {
      "candidateSessionId": 79,
      "status": "in_progress",
      "completedAt": null,
      "currentDayIndex": 1,
      "currentTask": {
        "id": 281,
        "dayIndex": 1,
        "title": "Architecture Plan",
        "type": "design",
        "description": "Design the system architecture for the feature. Describe data models, APIs, constraints, and tradeoffs.",
        "recordedSubmission": null,
        "cutoffCommitSha": null,
        "cutoffAt": null
      },
      "completedTaskIds": [],
      "progress": {
        "completed": 0,
        "total": 5
      },
      "isComplete": false,
      "currentWindow": {
        "windowStartAt": "2026-05-27T20:52:00Z",
        "windowEndAt": "2026-05-28T01:08:00Z",
        "nextOpenAt": null,
        "isOpen": true,
        "now": "2026-05-27T21:07:33.784657Z"
      }
    }
  },
  {
    "phase": "day-1",
    "kind": "response",
    "method": "GET",
    "url": "http://localhost:3000/api/backend/tasks/281/draft",
    "status": 200,
    "statusText": "OK",
    "upstream": "404",
    "body": null
  }
]