Task 12 Iteration 9 targeted browser console log
token=2b8a38ad70c4cfc9464010c38743939d
candidateSessionId=79
schedulePayload={"scheduledStartAt":"2026-05-28T13:00:00Z","candidateTimezone":"America/New_York","githubUsername":"ninaalvarez"}
scheduleResponse={"status":200,"body":{"candidateSessionId":79,"scheduledStartAt":"2026-05-28T13:00:00Z","candidateTimezone":"America/New_York","githubUsername":"ninaalvarez","dayWindows":[{"dayIndex":1,"windowStartAt":"2026-05-28T13:00:00Z","windowEndAt":"2026-05-28T21:00:00Z"},{"dayIndex":2,"windowStartAt":"2026-05-29T13:00:00Z","windowEndAt":"2026-05-29T21:00:00Z"},{"dayIndex":3,"windowStartAt":"2026-05-30T13:00:00Z","windowEndAt":"2026-05-30T21:00:00Z"},{"dayIndex":4,"windowStartAt":"2026-05-31T13:00:00Z","windowEndAt":"2026-05-31T21:00:00Z"},{"dayIndex":5,"windowStartAt":"2026-06-01T13:00:00Z","windowEndAt":"2026-06-02T01:00:00Z"}],"scheduleLockedAt":"2026-05-27T21:07:29.675533Z"}}
adminControlPayload={"targetDayIndex":1,"reason":"task 12 iteration 9 targeted browser verification advance to day 1","candidateTimezone":"America/New_York","minutesAlreadyOpen":15,"minutesUntilCutoff":240}
adminControlStatus=200
adminControlResponse={"candidateSessionId":79,"candidateStatus":"in_progress","status":"ok","targetDayIndex":1,"candidateTimezone":"America/New_York","scheduledStartAt":"2026-05-27T20:52:00Z","scheduleLockedAt":"2026-05-27T21:07:29.675533Z","dayWindows":[{"dayIndex":1,"windowStartAt":"2026-05-27T20:52:00Z","windowEndAt":"2026-05-28T01:08:00Z"},{"dayIndex":2,"windowStartAt":"2026-05-28T20:52:00Z","windowEndAt":"2026-05-29T01:08:00Z"},{"dayIndex":3,"windowStartAt":"2026-05-29T20:52:00Z","windowEndAt":"2026-05-30T01:08:00Z"},{"dayIndex":4,"windowStartAt":"2026-05-30T20:52:00Z","windowEndAt":"2026-05-31T01:08:00Z"},{"dayIndex":5,"windowStartAt":"2026-05-31T20:52:00Z","windowEndAt":"2026-06-01T01:08:00Z"}],"currentDayWindow":{"dayIndex":1,"windowStartAt":"2026-05-27T20:52:00Z","windowEndAt":"2026-05-28T01:08:00Z","state":"active"},"auditId":"adm_89a374006ddb4c569b95159d71cc925e"}
preDayText="Skip to main content\nWinoe\nCandidate Portal\nLogout\nAlmost there — your Trial is scheduled\n\nStaff Engineer Trial (Staff Engineer) stays calm and locked until Day 1 opens. Take a breath; we'll meet you at the start line.\n\nDay 1 unlocks in\n\n15:52:27\n\nWe'll email you when it begins.\n\nThu, May 28, 2026 · 9:00 AM · America/New_York\n\n5-day schedule preview\nDay 1 — Planning & Design Doc\nThu, May 28, 2026\n9:00 AM - 5:00 PM\nDay 2 — Implementation Kickoff\nFri, May 29, 2026\n9:00 AM - 5:00 PM\nDay 3 — Implementation Wrap-Up\nSat, May 30, 2026\n9:00 AM - 5:00 PM\nDay 4 — Handoff + Demo\nSun, May 31, 2026\n9:00 AM - 5:00 PM\nDay 5 — Reflection Essay\nMon, Jun 1, 2026\n9:00 AM - 9:00 PM\n\nCurrent window state: upcoming\n\nRefresh"
day1Text="Skip to main content\nWinoe\nCandidate Portal\nLogout\n\nDay 1 open until 9:08 PM\n\nCloses Wed, May 27, 9:08 PM\n\nStaff Engineer Trial\nRole: Staff Engineer\n5-day timeline\nComplete each day in order to unlock the next step.\nLocked days preview what’s ahead — you’ll unlock them as you complete each day.\n0/5 complete\nDAY 1\nIn progress\nPlanning & Design Doc\nUnderstand the prompt and outline your approach.\nSubmit your written response.\nYou are here\nDAY 2\nLocked\nImplementation Kickoff\nImplement the feature in your workspace.\nWorkspace + tests.\nComplete Day 1 first.\nDAY 3\nLocked\nImplementation Wrap-Up\nFinish the build, improve tests, optimize, and document.\nWorkspace + tests.\nComplete Day 2 first.\nDAY 4\nLocked\nHandoff + Demo\nUpload a short walkthrough of your work and decisions.\nDemo video.\nComplete Day 3 first.\nDAY 5\nLocked\nReflection Essay\nCapture your experience in a final markdown reflection.\nMarkdown editor.\nComplete Day 4 first.\n\nYOUR TRIAL\n\nStaff Engineer\n\nCurrent day.\nDay 1 — Planning & Design Doc\nActive\nLocked.\nDay 2 — Implementation Kickoff\nLocked\nLocked.\nDay 3 — Implementation Wrap-Up\nLocked\nLocked.\nDay 4 — Handoff + Demo\nLocked\nLocked.\nDay 5 — Reflection Essay\nLocked\nC\nCandidate\nDay 1 — Planning & Design Doc\n\nCloses in\n\n4h 0m 22s\n\nSubmit & continue to Day 2\nMore\nDay 1 Design Document\nUnderstanding of the Project Brief\n\nSummarize the problem, user needs, key requirements, and cons"

0. [INFO] %cDownload the React DevTools for a better development experience: https://react.dev/link/react-devtools font-weight:bold @ http://localhost:3000/_next/static/chunks/node_modules_next_dist_115brz8._.js:2431
1. [LOG] [HMR] connected @ http://localhost:3000/_next/static/chunks/node_modules_next_dist_115brz8._.js:2431
2. [LOG] [Fast Refresh] rebuilding @ http://localhost:3000/_next/static/chunks/node_modules_next_dist_115brz8._.js:2431
3. [LOG] [Fast Refresh] done in 111ms @ http://localhost:3000/_next/static/chunks/node_modules_next_dist_115brz8._.js:2431
4. [INFO] %cDownload the React DevTools for a better development experience: https://react.dev/link/react-devtools font-weight:bold @ http://localhost:3000/_next/static/chunks/node_modules_next_dist_115brz8._.js:2431
5. [LOG] [HMR] connected @ http://localhost:3000/_next/static/chunks/node_modules_next_dist_115brz8._.js:2431
6. [INFO] %cDownload the React DevTools for a better development experience: https://react.dev/link/react-devtools font-weight:bold @ http://localhost:3000/_next/static/chunks/node_modules_next_dist_115brz8._.js:2431
7. [LOG] [HMR] connected @ http://localhost:3000/_next/static/chunks/node_modules_next_dist_115brz8._.js:2431
8. [WARNING] SSR detected. `immediatelyRender` has been set to false to avoid hydration mismatches @ http://localhost:3000/_next/static/chunks/node_modules_next_dist_115brz8._.js:2431
9. [WARNING] SSR detected. `immediatelyRender` has been set to false to avoid hydration mismatches @ http://localhost:3000/_next/static/chunks/node_modules_next_dist_115brz8._.js:2431

Captured response bodies:
[
  {
    "phase": "setup",
    "kind": "response",
    "method": "GET",
    "url": "http://localhost:3000/api/backend/candidate/session/2b8a38ad70c4cfc9464010c38743939d",
    "status": 200,
    "statusText": "OK",
    "upstream": "200",
    "body": {
      "candidateSessionId": 79,
      "status": "in_progress",
      "claimedAt": "2026-05-27T21:07:29.102145Z",
      "startedAt": "2026-05-27T21:07:29.102145Z",
      "completedAt": null,
      "candidateName": "Nina Alvarez",
      "preferredDisplayName": null,
      "trial": {
        "id": 57,
        "title": "Staff Engineer Trial",
        "role": "Staff Engineer",
        "company": "Acme"
      },
      "aiNoticeText": "Winoe demo notice for the YC rehearsal dataset.",
      "aiNoticeVersion": "yc-demo-v1",
      "evalEnabledByDay": {
        "1": true,
        "2": true,
        "3": true,
        "4": true,
        "5": true
      },
      "startAt": null,
      "windowStartAt": null,
      "windowEndAt": null,
      "scheduledStartAt": null,
      "candidateTimezone": "America/New_York",
      "githubUsername": "ninaalvarez",
      "dayWindows": [],
      "scheduleLockedAt": null,
      "currentDayWindow": null
    }
  },
  {
    "phase": "setup",
    "kind": "response",
    "method": "POST",
    "url": "http://localhost:3000/api/backend/candidate/session/2b8a38ad70c4cfc9464010c38743939d/schedule",
    "status": 200,
    "statusText": "OK",
    "upstream": "200",
    "body": {
      "candidateSessionId": 79,
      "scheduledStartAt": "2026-05-28T13:00:00Z",
      "candidateTimezone": "America/New_York",
      "githubUsername": "ninaalvarez",
      "dayWindows": [
        {
          "dayIndex": 1,
          "windowStartAt": "2026-05-28T13:00:00Z",
          "windowEndAt": "2026-05-28T21:00:00Z"
        },
        {
          "dayIndex": 2,
          "windowStartAt": "2026-05-29T13:00:00Z",
          "windowEndAt": "2026-05-29T21:00:00Z"
        },
        {
          "dayIndex": 3,
          "windowStartAt": "2026-05-30T13:00:00Z",
          "windowEndAt": "2026-05-30T21:00:00Z"
        },
        {
          "dayIndex": 4,
          "windowStartAt": "2026-05-31T13:00:00Z",
          "windowEndAt": "2026-05-31T21:00:00Z"
        },
        {
          "dayIndex": 5,
          "windowStartAt": "2026-06-01T13:00:00Z",
          "windowEndAt": "2026-06-02T01:00:00Z"
        }
      ],
      "scheduleLockedAt": "2026-05-27T21:07:29.675533Z"
    }
  },
  {
    "phase": "pre-day",
    "kind": "response",
    "method": "GET",
    "url": "http://localhost:3000/api/backend/candidate/session/2b8a38ad70c4cfc9464010c38743939d",
    "status": 200,
    "statusText": "OK",
    "upstream": "200",
    "body": {
      "candidateSessionId": 79,
      "status": "in_progress",
      "claimedAt": "2026-05-27T21:07:29.102145Z",
      "startedAt": "2026-05-27T21:07:29.102145Z",
      "completedAt": null,
      "candidateName": "Nina Alvarez",
      "preferredDisplayName": null,
      "trial": {
        "id": 57,
        "title": "Staff Engineer Trial",
        "role": "Staff Engineer",
        "company": "Acme"
      },
      "aiNoticeText": "Winoe demo notice for the YC rehearsal dataset.",
      "aiNoticeVersion": "yc-demo-v1",
      "evalEnabledByDay": {
        "1": true,
        "2": true,
        "3": true,
        "4": true,
        "5": true
      },
      "startAt": "2026-05-28T13:00:00Z",
      "windowStartAt": "2026-05-28T13:00:00Z",
      "windowEndAt": "2026-05-28T21:00:00Z",
      "scheduledStartAt": "2026-05-28T13:00:00Z",
      "candidateTimezone": "America/New_York",
      "githubUsername": "ninaalvarez",
      "dayWindows": [
        {
          "dayIndex": 1,
          "windowStartAt": "2026-05-28T13:00:00Z",
          "windowEndAt": "2026-05-28T21:00:00Z"
        },
        {
          "dayIndex": 2,
          "windowStartAt": "2026-05-29T13:00:00Z",
          "windowEndAt": "2026-05-29T21:00:00Z"
        },
        {
          "dayIndex": 3,
          "windowStartAt": "2026-05-30T13:00:00Z",
          "windowEndAt": "2026-05-30T21:00:00Z"
        },
        {
          "dayIndex": 4,
          "windowStartAt": "2026-05-31T13:00:00Z",
          "windowEndAt": "2026-05-31T21:00:00Z"
        },
        {
          "dayIndex": 5,
          "windowStartAt": "2026-06-01T13:00:00Z",
          "windowEndAt": "2026-06-02T01:00:00Z"
        }
      ],
      "scheduleLockedAt": "2026-05-27T21:07:29.675533Z",
      "currentDayWindow": {
        "dayIndex": 1,
        "windowStartAt": "2026-05-28T13:00:00Z",
        "windowEndAt": "2026-05-28T21:00:00Z",
        "state": "upcoming"
      }
    }
  },
  {
    "phase": "day-1",
    "kind": "response",
    "method": "GET",
    "url": "http://localhost:3000/api/backend/candidate/session/2b8a38ad70c4cfc9464010c38743939d",
    "status": 200,
    "statusText": "OK",
    "upstream": "200",
    "body": {
      "candidateSessionId": 79,
      "status": "in_progress",
      "claimedAt": "2026-05-27T21:07:29.102145Z",
      "startedAt": "2026-05-27T21:07:29.102145Z",
      "completedAt": null,
      "candidateName": "Nina Alvarez",
      "preferredDisplayName": null,
      "trial": {
        "id": 57,
        "title": "Staff Engineer Trial",
        "role": "Staff Engineer",
        "company": "Acme"
      },
      "aiNoticeText": "Winoe demo notice for the YC rehearsal dataset.",
      "aiNoticeVersion": "yc-demo-v1",
      "evalEnabledByDay": {
        "1": true,
        "2": true,
        "3": true,
        "4": true,
        "5": true
      },
      "startAt": "2026-05-27T20:52:00Z",
      "windowStartAt": "2026-05-27T20:52:00Z",
      "windowEndAt": "2026-05-28T01:08:00Z",
      "scheduledStartAt": "2026-05-27T20:52:00Z",
      "candidateTimezone": "America/New_York",
      "githubUsername": "ninaalvarez",
      "dayWindows": [
        {
          "dayIndex": 1,
          "windowStartAt": "2026-05-27T20:52:00Z",
          "windowEndAt": "2026-05-28T01:08:00Z"
        },
        {
          "dayIndex": 2,
          "windowStartAt": "2026-05-28T20:52:00Z",
          "windowEndAt": "2026-05-29T01:08:00Z"
        },
        {
          "dayIndex": 3,
          "windowStartAt": "2026-05-29T20:52:00Z",
          "windowEndAt": "2026-05-30T01:08:00Z"
        },
        {
          "dayIndex": 4,
          "windowStartAt": "2026-05-30T20:52:00Z",
          "windowEndAt": "2026-05-31T01:08:00Z"
        },
        {
          "dayIndex": 5,
          "windowStartAt": "2026-05-31T20:52:00Z",
          "windowEndAt": "2026-06-01T01:08:00Z"
        }
      ],
      "scheduleLockedAt": "2026-05-27T21:07:29.675533Z",
      "currentDayWindow": {
        "dayIndex": 1,
        "windowStartAt": "2026-05-27T20:52:00Z",
        "windowEndAt": "2026-05-28T01:08:00Z",
        "state": "active"
      }
    }
  },
  {
    "phase": "day-1",
    "kind": "response",
    "method": "GET",
    "url": "http://localhost:3000/api/backend/candidate/session/79/current_task",
    "status": 200,
    "statusText": "OK",
    "upstream": "200",
    "body": {
      "candidateSessionId": 79,
      "status": "in_progress",
      "completedAt": null,
      "currentDayIndex": 1,
      "currentTask": {
        "id": 281,
        "dayIndex": 1,
        "title": "Architecture Plan",
        "type": "design",
        "description": "Design the system architecture for the feature. Describe data models, APIs, constraints, and tradeoffs.",
        "recordedSubmission": null,
        "cutoffCommitSha": null,
        "cutoffAt": null
      },
      "completedTaskIds": [],
      "progress": {
        "completed": 0,
        "total": 5
      },
      "isComplete": false,
      "currentWindow": {
        "windowStartAt": "2026-05-27T20:52:00Z",
        "windowEndAt": "2026-05-28T01:08:00Z",
        "nextOpenAt": null,
        "isOpen": true,
        "now": "2026-05-27T21:07:33.784657Z"
      }
    }
  },
  {
    "phase": "day-1",
    "kind": "response",
    "method": "GET",
    "url": "http://localhost:3000/api/backend/tasks/281/draft",
    "status": 200,
    "statusText": "OK",
    "upstream": "404",
    "body": null
  }
]